// Jest Snapshot v1, https://goo.gl/fbAQLP

exports[`should render posts list 1`] = `
<Router
  history={
    Object {
      "action": "POP",
      "block": [Function],
      "createHref": [Function],
      "go": [Function],
      "goBack": [Function],
      "goForward": [Function],
      "length": 1,
      "listen": [Function],
      "location": Object {
        "hash": "",
        "pathname": "/",
        "search": "",
        "state": undefined,
      },
      "push": [Function],
      "replace": [Function],
    }
  }
>
  <MockedProvider
    addTypename={false}
    mocks={
      Array [
        Object {
          "request": Object {
            "query": Object {
              "definitions": Array [
                Object {
                  "directives": Array [],
                  "kind": "OperationDefinition",
                  "name": undefined,
                  "operation": "query",
                  "selectionSet": Object {
                    "kind": "SelectionSet",
                    "selections": Array [
                      Object {
                        "alias": undefined,
                        "arguments": Array [
                          Object {
                            "kind": "Argument",
                            "name": Object {
                              "kind": "Name",
                              "value": "orderBy",
                            },
                            "value": Object {
                              "kind": "EnumValue",
                              "value": "updatedAt_DESC",
                            },
                          },
                          Object {
                            "kind": "Argument",
                            "name": Object {
                              "kind": "Name",
                              "value": "first",
                            },
                            "value": Object {
                              "kind": "IntValue",
                              "value": "7",
                            },
                          },
                        ],
                        "directives": Array [],
                        "kind": "Field",
                        "name": Object {
                          "kind": "Name",
                          "value": "allPosts",
                        },
                        "selectionSet": Object {
                          "kind": "SelectionSet",
                          "selections": Array [
                            Object {
                              "alias": undefined,
                              "arguments": Array [],
                              "directives": Array [],
                              "kind": "Field",
                              "name": Object {
                                "kind": "Name",
                                "value": "id",
                              },
                              "selectionSet": undefined,
                            },
                            Object {
                              "alias": undefined,
                              "arguments": Array [],
                              "directives": Array [],
                              "kind": "Field",
                              "name": Object {
                                "kind": "Name",
                                "value": "title",
                              },
                              "selectionSet": undefined,
                            },
                            Object {
                              "alias": undefined,
                              "arguments": Array [],
                              "directives": Array [],
                              "kind": "Field",
                              "name": Object {
                                "kind": "Name",
                                "value": "user",
                              },
                              "selectionSet": Object {
                                "kind": "SelectionSet",
                                "selections": Array [
                                  Object {
                                    "alias": undefined,
                                    "arguments": Array [],
                                    "directives": Array [],
                                    "kind": "Field",
                                    "name": Object {
                                      "kind": "Name",
                                      "value": "id",
                                    },
                                    "selectionSet": undefined,
                                  },
                                  Object {
                                    "alias": undefined,
                                    "arguments": Array [],
                                    "directives": Array [],
                                    "kind": "Field",
                                    "name": Object {
                                      "kind": "Name",
                                      "value": "name",
                                    },
                                    "selectionSet": undefined,
                                  },
                                ],
                              },
                            },
                          ],
                        },
                      },
                    ],
                  },
                  "variableDefinitions": Array [],
                },
              ],
              "kind": "Document",
              "loc": Object {
                "end": 136,
                "start": 0,
              },
            },
          },
          "result": Object {
            "data": Object {
              "allPosts": Array [
                Object {
                  "id": "1",
                  "title": "title1",
                  "user": Object {
                    "id": "1",
                    "name": "title1",
                  },
                },
                Object {
                  "id": "2",
                  "title": "title2",
                  "user": Object {
                    "id": "2",
                    "name": "title2",
                  },
                },
              ],
            },
          },
        },
      ]
    }
  >
    <TopPosts />
  </MockedProvider>
</Router>
`;
